// Jest Snapshot v1, https://goo.gl/fbAQLP

exports[`Bio component renders properly 1`] = `"{}"`;
